// Jest Snapshot v1, https://goo.gl/fbAQLP

exports[`renders correctly 1`] = `
<div
  className="container"
>
  <h1
    className="title"
  >
    Multistep React & Redux
  </h1>
  <div
    className="stepline"
  >
    <div
      className="line active"
    >
      step one
    </div>
    <div
      className="line "
    >
      step two
    </div>
    <div
      className="line "
    >
      step three
    </div>
    <div
      className="line "
    >
      step four
    </div>
    <div
      className="line "
    >
      submit
    </div>
  </div>
  <form
    className="form-container"
    onSubmit={[Function]}
  >
    <div>
      <div
        className="step1"
      >
        <h3
          className="step-title"
        >
          Step one
        </h3>
        <p
          className="step-legend"
        >
          Next step is available after at least one of them is checked
        </p>
        <input
          id="A1"
          onChange={[Function]}
          type="checkbox"
          value={false}
        />
        <label>
          A1
        </label>
        <br />
        <input
          id="A2"
          onChange={[Function]}
          type="checkbox"
          value={false}
        />
        <label>
          A2
        </label>
      </div>
      
      
      
      
    </div>
  </form>
</div>
`;
